// Jest Snapshot v1, https://goo.gl/fbAQLP

exports[`<InfoBlock /> spec renders the component 1`] = `
Object {
  "asFragment": [Function],
  "baseElement": <body>
    <div>
        <div
            class="sc-AykKC hhMQei"
        >
            <div
                class="row"
            >
                <div
                    class="one-half column centered padded"
                >
                    <div
                        class="img-block greyed-on-touch"
                    >
                        <div>
                            <img
                                src="test"
                                alt="Mobile"
                            />
                        </div>
                    </div>
                </div>
                <div
                    class="one-half column centered padded"
                >
                    <div>
                        <h2>
                            Heading
                        </h2>
                    </div>
                    <div>
                        <p>
                            Test
                        </p>
                        <div
                            class="dn-break"
                        />
                    </div>
                </div>
            </div>
        </div>
    </div>
</body>,
  "container": <div>
    <div
        class="sc-AykKC hhMQei"
    >
        <div
            class="row"
        >
            <div
                class="one-half column centered padded"
            >
                <div
                    class="img-block greyed-on-touch"
                >
                    <div>
                        <img
                            src="test"
                            alt="Mobile"
                        />
                    </div>
                </div>
            </div>
            <div
                class="one-half column centered padded"
            >
                <div>
                    <h2>
                        Heading
                    </h2>
                </div>
                <div>
                    <p>
                        Test
                    </p>
                    <div
                        class="dn-break"
                    />
                </div>
            </div>
        </div>
    </div>
</div>,
  "debug": [Function],
  "findAllByAltText": [Function],
  "findAllByDisplayValue": [Function],
  "findAllByLabelText": [Function],
  "findAllByPlaceholderText": [Function],
  "findAllByRole": [Function],
  "findAllByTestId": [Function],
  "findAllByText": [Function],
  "findAllByTitle": [Function],
  "findByAltText": [Function],
  "findByDisplayValue": [Function],
  "findByLabelText": [Function],
  "findByPlaceholderText": [Function],
  "findByRole": [Function],
  "findByTestId": [Function],
  "findByText": [Function],
  "findByTitle": [Function],
  "getAllByAltText": [Function],
  "getAllByDisplayValue": [Function],
  "getAllByLabelText": [Function],
  "getAllByPlaceholderText": [Function],
  "getAllByRole": [Function],
  "getAllByTestId": [Function],
  "getAllByText": [Function],
  "getAllByTitle": [Function],
  "getByAltText": [Function],
  "getByDisplayValue": [Function],
  "getByLabelText": [Function],
  "getByPlaceholderText": [Function],
  "getByRole": [Function],
  "getByTestId": [Function],
  "getByText": [Function],
  "getByTitle": [Function],
  "queryAllByAltText": [Function],
  "queryAllByDisplayValue": [Function],
  "queryAllByLabelText": [Function],
  "queryAllByPlaceholderText": [Function],
  "queryAllByRole": [Function],
  "queryAllByTestId": [Function],
  "queryAllByText": [Function],
  "queryAllByTitle": [Function],
  "queryByAltText": [Function],
  "queryByDisplayValue": [Function],
  "queryByLabelText": [Function],
  "queryByPlaceholderText": [Function],
  "queryByRole": [Function],
  "queryByTestId": [Function],
  "queryByText": [Function],
  "queryByTitle": [Function],
  "rerender": [Function],
  "unmount": [Function],
}
`;
